// Jest Snapshot v1, https://goo.gl/fbAQLP

exports[`WorkPage renders correctly 1`] = `
Array [
  <h1
    className="MuiTypography-root MuiTypography-h1"
  >
    My Projects
  </h1>,
  <h4
    className="MuiTypography-root MuiTypography-h4"
  >
    Under construction..
  </h4>,
]
`;
