// Jest Snapshot v1, https://goo.gl/fbAQLP

exports[`AboutPage renders correctly 1`] = `
Array [
  <h1
    className="MuiTypography-root MuiTypography-h1"
  >
    About Me
  </h1>,
  <h2
    className="MuiTypography-root MuiTypography-h2"
  >
    Under construction..
  </h2>,
]
`;
