// Jest Snapshot v1, https://goo.gl/fbAQLP

exports[`WorkPage renders correctly 1`] = `
<Unknown
  classes={
    Object {
      "placeholder": "Component-placeholder-2",
      "root": "Component-root-1",
    }
  }
/>
`;
